// Jest Snapshot v1, https://goo.gl/fbAQLP

exports[`Tree Props checkStrictly 1`] = `
<div
  class="rc-tree"
  role="tree"
>
  <div>
    <input
      aria-label="for screen reader"
      style="width: 0px; height: 0px; display: flex; overflow: hidden; opacity: 0; border: 0px; padding: 0px; margin: 0px;"
      tabindex="0"
      value=""
    />
  </div>
  <div
    aria-hidden="true"
    class="rc-tree-treenode"
    style="position: absolute; pointer-events: none; visibility: hidden; height: 0px; overflow: hidden; border: 0px; padding: 0px;"
  >
    <div
      class="rc-tree-indent"
    >
      <div
        class="rc-tree-indent-unit"
      />
    </div>
  </div>
  <div
    class="rc-tree-list"
    style="position: relative;"
  >
    <div
      class="rc-tree-list-holder"
    >
      <div>
        <div
          class="rc-tree-list-holder-inner"
          style="display: flex; flex-direction: column;"
        >
          <div
            aria-grabbed="false"
            class="rc-tree-treenode rc-tree-treenode-switcher-open rc-tree-treenode-leaf-last"
            draggable="false"
          >
            <span
              aria-hidden="true"
              class="rc-tree-indent"
            />
            <span
              class="rc-tree-switcher rc-tree-switcher_open"
            />
            <span
              class="rc-tree-checkbox"
            />
            <span
              class="rc-tree-node-content-wrapper rc-tree-node-content-wrapper-open"
              title="---"
            >
              <span
                class="rc-tree-iconEle rc-tree-icon__open"
              />
              <span
                class="rc-tree-title"
              >
                ---
              </span>
            </span>
          </div>
          <div
            aria-grabbed="false"
            class="rc-tree-treenode rc-tree-treenode-switcher-close rc-tree-treenode-leaf-last"
            draggable="false"
          >
            <span
              aria-hidden="true"
              class="rc-tree-indent"
            >
              <span
                class="rc-tree-indent-unit rc-tree-indent-unit-start rc-tree-indent-unit-end"
              />
            </span>
            <span
              class="rc-tree-switcher rc-tree-switcher-noop"
            />
            <span
              class="rc-tree-checkbox"
            />
            <span
              class="rc-tree-node-content-wrapper rc-tree-node-content-wrapper-normal"
              title="---"
            >
              <span
                class="rc-tree-iconEle rc-tree-icon__docu"
              />
              <span
                class="rc-tree-title"
              >
                ---
              </span>
            </span>
          </div>
        </div>
      </div>
    </div>
  </div>
</div>
`;

exports[`Tree Props checkable default 1`] = `
<div
  class="rc-tree"
  role="tree"
>
  <div>
    <input
      aria-label="for screen reader"
      style="width: 0px; height: 0px; display: flex; overflow: hidden; opacity: 0; border: 0px; padding: 0px; margin: 0px;"
      tabindex="0"
      value=""
    />
  </div>
  <div
    aria-hidden="true"
    class="rc-tree-treenode"
    style="position: absolute; pointer-events: none; visibility: hidden; height: 0px; overflow: hidden; border: 0px; padding: 0px;"
  >
    <div
      class="rc-tree-indent"
    >
      <div
        class="rc-tree-indent-unit"
      />
    </div>
  </div>
  <div
    class="rc-tree-list"
    style="position: relative;"
  >
    <div
      class="rc-tree-list-holder"
    >
      <div>
        <div
          class="rc-tree-list-holder-inner"
          style="display: flex; flex-direction: column;"
        >
          <div
            aria-grabbed="false"
            class="rc-tree-treenode rc-tree-treenode-switcher-open rc-tree-treenode-leaf-last"
            draggable="false"
          >
            <span
              aria-hidden="true"
              class="rc-tree-indent"
            />
            <span
              class="rc-tree-switcher rc-tree-switcher_open"
            />
            <span
              class="rc-tree-checkbox"
            />
            <span
              class="rc-tree-node-content-wrapper rc-tree-node-content-wrapper-open"
              title="---"
            >
              <span
                class="rc-tree-iconEle rc-tree-icon__open"
              />
              <span
                class="rc-tree-title"
              >
                ---
              </span>
            </span>
          </div>
          <div
            aria-grabbed="false"
            class="rc-tree-treenode rc-tree-treenode-switcher-close rc-tree-treenode-leaf-last"
            draggable="false"
          >
            <span
              aria-hidden="true"
              class="rc-tree-indent"
            >
              <span
                class="rc-tree-indent-unit rc-tree-indent-unit-start rc-tree-indent-unit-end"
              />
            </span>
            <span
              class="rc-tree-switcher rc-tree-switcher-noop"
            />
            <span
              class="rc-tree-checkbox"
            />
            <span
              class="rc-tree-node-content-wrapper rc-tree-node-content-wrapper-normal"
              title="---"
            >
              <span
                class="rc-tree-iconEle rc-tree-icon__docu"
              />
              <span
                class="rc-tree-title"
              >
                ---
              </span>
            </span>
          </div>
        </div>
      </div>
    </div>
  </div>
</div>
`;

exports[`Tree Props checkable without selectable 1`] = `
<div
  class="rc-tree"
  role="tree"
>
  <div>
    <input
      aria-label="for screen reader"
      style="width: 0px; height: 0px; display: flex; overflow: hidden; opacity: 0; border: 0px; padding: 0px; margin: 0px;"
      tabindex="0"
      value=""
    />
  </div>
  <div
    aria-hidden="true"
    class="rc-tree-treenode"
    style="position: absolute; pointer-events: none; visibility: hidden; height: 0px; overflow: hidden; border: 0px; padding: 0px;"
  >
    <div
      class="rc-tree-indent"
    >
      <div
        class="rc-tree-indent-unit"
      />
    </div>
  </div>
  <div
    class="rc-tree-list"
    style="position: relative;"
  >
    <div
      class="rc-tree-list-holder"
    >
      <div>
        <div
          class="rc-tree-list-holder-inner"
          style="display: flex; flex-direction: column;"
        >
          <div
            aria-grabbed="false"
            class="rc-tree-treenode rc-tree-treenode-switcher-open rc-tree-treenode-leaf-last"
            draggable="false"
          >
            <span
              aria-hidden="true"
              class="rc-tree-indent"
            />
            <span
              class="rc-tree-switcher rc-tree-switcher_open"
            />
            <span
              class="rc-tree-checkbox"
            />
            <span
              class="rc-tree-node-content-wrapper rc-tree-node-content-wrapper-open"
              title="---"
            >
              <span
                class="rc-tree-iconEle rc-tree-icon__open"
              />
              <span
                class="rc-tree-title"
              >
                ---
              </span>
            </span>
          </div>
          <div
            aria-grabbed="false"
            class="rc-tree-treenode rc-tree-treenode-switcher-close rc-tree-treenode-leaf-last"
            draggable="false"
          >
            <span
              aria-hidden="true"
              class="rc-tree-indent"
            >
              <span
                class="rc-tree-indent-unit rc-tree-indent-unit-start rc-tree-indent-unit-end"
              />
            </span>
            <span
              class="rc-tree-switcher rc-tree-switcher-noop"
            />
            <span
              class="rc-tree-checkbox"
            />
            <span
              class="rc-tree-node-content-wrapper rc-tree-node-content-wrapper-normal"
              title="---"
            >
              <span
                class="rc-tree-iconEle rc-tree-icon__docu"
              />
              <span
                class="rc-tree-title"
              >
                ---
              </span>
            </span>
          </div>
        </div>
      </div>
    </div>
  </div>
</div>
`;

exports[`Tree Props custom switcher icon switcher icon 1`] = `
<div
  class="rc-tree"
  role="tree"
>
  <div>
    <input
      aria-label="for screen reader"
      style="width: 0px; height: 0px; display: flex; overflow: hidden; opacity: 0; border: 0px; padding: 0px; margin: 0px;"
      tabindex="0"
      value=""
    />
  </div>
  <div
    aria-hidden="true"
    class="rc-tree-treenode"
    style="position: absolute; pointer-events: none; visibility: hidden; height: 0px; overflow: hidden; border: 0px; padding: 0px;"
  >
    <div
      class="rc-tree-indent"
    >
      <div
        class="rc-tree-indent-unit"
      />
    </div>
  </div>
  <div
    class="rc-tree-list"
    style="position: relative;"
  >
    <div
      class="rc-tree-list-holder"
    >
      <div>
        <div
          class="rc-tree-list-holder-inner"
          style="display: flex; flex-direction: column;"
        >
          <div
            aria-grabbed="false"
            class="rc-tree-treenode rc-tree-treenode-switcher-open"
            draggable="false"
          >
            <span
              aria-hidden="true"
              class="rc-tree-indent"
            />
            <span
              class="rc-tree-switcher rc-tree-switcher-noop"
            />
            <span
              class="rc-tree-node-content-wrapper rc-tree-node-content-wrapper-normal"
              title="---"
            >
              <span
                class="rc-tree-iconEle rc-tree-icon__docu"
              />
              <span
                class="rc-tree-title"
              >
                ---
              </span>
            </span>
          </div>
          <div
            aria-grabbed="false"
            class="rc-tree-treenode rc-tree-treenode-switcher-open rc-tree-treenode-leaf-last"
            draggable="false"
          >
            <span
              aria-hidden="true"
              class="rc-tree-indent"
            />
            <span
              class="rc-tree-switcher rc-tree-switcher_open"
            >
              <span>
                switcherIconFromNode0-1
              </span>
            </span>
            <span
              class="rc-tree-node-content-wrapper rc-tree-node-content-wrapper-open"
              title="---"
            >
              <span
                class="rc-tree-iconEle rc-tree-icon__open"
              />
              <span
                class="rc-tree-title"
              >
                ---
              </span>
            </span>
          </div>
          <div
            aria-grabbed="false"
            class="rc-tree-treenode rc-tree-treenode-switcher-open"
            draggable="false"
          >
            <span
              aria-hidden="true"
              class="rc-tree-indent"
            >
              <span
                class="rc-tree-indent-unit rc-tree-indent-unit-end"
              />
            </span>
            <span
              class="rc-tree-switcher rc-tree-switcher-noop"
            />
            <span
              class="rc-tree-node-content-wrapper rc-tree-node-content-wrapper-normal"
              title="---"
            >
              <span
                class="rc-tree-iconEle rc-tree-icon__docu"
              />
              <span
                class="rc-tree-title"
              >
                ---
              </span>
            </span>
          </div>
          <div
            aria-grabbed="false"
            class="rc-tree-treenode rc-tree-treenode-switcher-open rc-tree-treenode-leaf-last"
            draggable="false"
          >
            <span
              aria-hidden="true"
              class="rc-tree-indent"
            >
              <span
                class="rc-tree-indent-unit rc-tree-indent-unit-end"
              />
            </span>
            <span
              class="rc-tree-switcher rc-tree-switcher-noop"
            />
            <span
              class="rc-tree-node-content-wrapper rc-tree-node-content-wrapper-normal"
              title="---"
            >
              <span
                class="rc-tree-iconEle rc-tree-icon__docu"
              />
              <span
                class="rc-tree-title"
              >
                ---
              </span>
            </span>
          </div>
        </div>
      </div>
    </div>
  </div>
</div>
`;

exports[`Tree Props custom switcher icon switcher leaf icon 1`] = `
<div
  class="rc-tree"
  role="tree"
>
  <div>
    <input
      aria-label="for screen reader"
      style="width: 0px; height: 0px; display: flex; overflow: hidden; opacity: 0; border: 0px; padding: 0px; margin: 0px;"
      tabindex="0"
      value=""
    />
  </div>
  <div
    aria-hidden="true"
    class="rc-tree-treenode"
    style="position: absolute; pointer-events: none; visibility: hidden; height: 0px; overflow: hidden; border: 0px; padding: 0px;"
  >
    <div
      class="rc-tree-indent"
    >
      <div
        class="rc-tree-indent-unit"
      />
    </div>
  </div>
  <div
    class="rc-tree-list"
    style="position: relative;"
  >
    <div
      class="rc-tree-list-holder"
    >
      <div>
        <div
          class="rc-tree-list-holder-inner"
          style="display: flex; flex-direction: column;"
        >
          <div
            aria-grabbed="false"
            class="rc-tree-treenode rc-tree-treenode-switcher-open"
            draggable="false"
          >
            <span
              aria-hidden="true"
              class="rc-tree-indent"
            />
            <span
              class="rc-tree-switcher rc-tree-switcher-noop"
            >
              <span>
                switcherLeafIcon
              </span>
            </span>
            <span
              class="rc-tree-node-content-wrapper rc-tree-node-content-wrapper-normal"
              title="---"
            >
              <span
                class="rc-tree-iconEle rc-tree-icon__docu"
              />
              <span
                class="rc-tree-title"
              >
                ---
              </span>
            </span>
          </div>
          <div
            aria-grabbed="false"
            class="rc-tree-treenode rc-tree-treenode-switcher-open"
            draggable="false"
          >
            <span
              aria-hidden="true"
              class="rc-tree-indent"
            />
            <span
              class="rc-tree-switcher rc-tree-switcher-noop"
            >
              <span>
                switcherLeafIconFromNode0-1
              </span>
            </span>
            <span
              class="rc-tree-node-content-wrapper rc-tree-node-content-wrapper-normal"
              title="---"
            >
              <span
                class="rc-tree-iconEle rc-tree-icon__docu"
              />
              <span
                class="rc-tree-title"
              >
                ---
              </span>
            </span>
          </div>
          <div
            aria-grabbed="false"
            class="rc-tree-treenode rc-tree-treenode-switcher-open"
            draggable="false"
          >
            <span
              aria-hidden="true"
              class="rc-tree-indent"
            />
            <span
              class="rc-tree-switcher rc-tree-switcher_open"
            />
            <span
              class="rc-tree-node-content-wrapper rc-tree-node-content-wrapper-open"
              title="---"
            >
              <span
                class="rc-tree-iconEle rc-tree-icon__open"
              />
              <span
                class="rc-tree-title"
              >
                ---
              </span>
            </span>
          </div>
          <div
            aria-grabbed="false"
            class="rc-tree-treenode rc-tree-treenode-switcher-open"
            draggable="false"
          >
            <span
              aria-hidden="true"
              class="rc-tree-indent"
            >
              <span
                class="rc-tree-indent-unit"
              />
            </span>
            <span
              class="rc-tree-switcher rc-tree-switcher-noop"
            >
              <span>
                switcherLeafIcon
              </span>
            </span>
            <span
              class="rc-tree-node-content-wrapper rc-tree-node-content-wrapper-normal"
              title="---"
            >
              <span
                class="rc-tree-iconEle rc-tree-icon__docu"
              />
              <span
                class="rc-tree-title"
              >
                ---
              </span>
            </span>
          </div>
          <div
            aria-grabbed="false"
            class="rc-tree-treenode rc-tree-treenode-switcher-open rc-tree-treenode-leaf-last"
            draggable="false"
          >
            <span
              aria-hidden="true"
              class="rc-tree-indent"
            >
              <span
                class="rc-tree-indent-unit"
              />
            </span>
            <span
              class="rc-tree-switcher rc-tree-switcher-noop"
            >
              <span>
                switcherLeafIconFromNode0-2-1
              </span>
            </span>
            <span
              class="rc-tree-node-content-wrapper rc-tree-node-content-wrapper-normal"
              title="---"
            >
              <span
                class="rc-tree-iconEle rc-tree-icon__docu"
              />
              <span
                class="rc-tree-title"
              >
                ---
              </span>
            </span>
          </div>
          <div
            aria-grabbed="false"
            class="rc-tree-treenode rc-tree-treenode-switcher-open rc-tree-treenode-leaf-last"
            draggable="false"
          >
            <span
              aria-hidden="true"
              class="rc-tree-indent"
            />
            <span
              class="rc-tree-switcher rc-tree-switcher-noop"
            >
              <span>
                switcherLeafIcon
              </span>
            </span>
            <span
              class="rc-tree-node-content-wrapper rc-tree-node-content-wrapper-normal"
              title="---"
            >
              <span
                class="rc-tree-iconEle rc-tree-icon__docu"
              />
              <span
                class="rc-tree-title"
              >
                ---
              </span>
            </span>
          </div>
        </div>
      </div>
    </div>
  </div>
</div>
`;

exports[`Tree Props data and aria props renders aria attributes 1`] = `
<div
  class="rc-tree"
  role="tree"
>
  <div>
    <input
      aria-label="for screen reader"
      style="width: 0px; height: 0px; display: flex; overflow: hidden; opacity: 0; border: 0px; padding: 0px; margin: 0px;"
      tabindex="0"
      value=""
    />
  </div>
  <div
    aria-hidden="true"
    class="rc-tree-treenode"
    style="position: absolute; pointer-events: none; visibility: hidden; height: 0px; overflow: hidden; border: 0px; padding: 0px;"
  >
    <div
      class="rc-tree-indent"
    >
      <div
        class="rc-tree-indent-unit"
      />
    </div>
  </div>
  <div
    aria-label="name"
    class="rc-tree-list"
    style="position: relative;"
  >
    <div
      class="rc-tree-list-holder"
    >
      <div>
        <div
          class="rc-tree-list-holder-inner"
          style="display: flex; flex-direction: column;"
        />
      </div>
    </div>
  </div>
</div>
`;

exports[`Tree Props data and aria props renders data attributes 1`] = `
<div
  class="rc-tree"
  role="tree"
>
  <div>
    <input
      aria-label="for screen reader"
      style="width: 0px; height: 0px; display: flex; overflow: hidden; opacity: 0; border: 0px; padding: 0px; margin: 0px;"
      tabindex="0"
      value=""
    />
  </div>
  <div
    aria-hidden="true"
    class="rc-tree-treenode"
    style="position: absolute; pointer-events: none; visibility: hidden; height: 0px; overflow: hidden; border: 0px; padding: 0px;"
  >
    <div
      class="rc-tree-indent"
    >
      <div
        class="rc-tree-indent-unit"
      />
    </div>
  </div>
  <div
    class="rc-tree-list"
    data-test="tree"
    style="position: relative;"
  >
    <div
      class="rc-tree-list-holder"
    >
      <div>
        <div
          class="rc-tree-list-holder-inner"
          style="display: flex; flex-direction: column;"
        />
      </div>
    </div>
  </div>
</div>
`;

exports[`Tree Props defaultExpandAll 1`] = `
<div
  class="rc-tree"
  role="tree"
>
  <div>
    <input
      aria-label="for screen reader"
      style="width: 0px; height: 0px; display: flex; overflow: hidden; opacity: 0; border: 0px; padding: 0px; margin: 0px;"
      tabindex="0"
      value=""
    />
  </div>
  <div
    aria-hidden="true"
    class="rc-tree-treenode"
    style="position: absolute; pointer-events: none; visibility: hidden; height: 0px; overflow: hidden; border: 0px; padding: 0px;"
  >
    <div
      class="rc-tree-indent"
    >
      <div
        class="rc-tree-indent-unit"
      />
    </div>
  </div>
  <div
    class="rc-tree-list"
    style="position: relative;"
  >
    <div
      class="rc-tree-list-holder"
    >
      <div>
        <div
          class="rc-tree-list-holder-inner"
          style="display: flex; flex-direction: column;"
        >
          <div
            aria-grabbed="false"
            class="rc-tree-treenode rc-tree-treenode-switcher-open rc-tree-treenode-leaf-last"
            draggable="false"
          >
            <span
              aria-hidden="true"
              class="rc-tree-indent"
            />
            <span
              class="rc-tree-switcher rc-tree-switcher_open"
            />
            <span
              class="rc-tree-node-content-wrapper rc-tree-node-content-wrapper-open"
              title="---"
            >
              <span
                class="rc-tree-iconEle rc-tree-icon__open"
              />
              <span
                class="rc-tree-title"
              >
                ---
              </span>
            </span>
          </div>
          <div
            aria-grabbed="false"
            class="rc-tree-treenode rc-tree-treenode-switcher-open rc-tree-treenode-leaf-last"
            draggable="false"
          >
            <span
              aria-hidden="true"
              class="rc-tree-indent"
            >
              <span
                class="rc-tree-indent-unit rc-tree-indent-unit-start rc-tree-indent-unit-end"
              />
            </span>
            <span
              class="rc-tree-switcher rc-tree-switcher-noop"
            />
            <span
              class="rc-tree-node-content-wrapper rc-tree-node-content-wrapper-normal"
              title="---"
            >
              <span
                class="rc-tree-iconEle rc-tree-icon__docu"
              />
              <span
                class="rc-tree-title"
              >
                ---
              </span>
            </span>
          </div>
        </div>
      </div>
    </div>
  </div>
</div>
`;

exports[`Tree Props disabled basic 1`] = `
<div
  class="rc-tree"
  role="tree"
>
  <div>
    <input
      aria-label="for screen reader"
      disabled=""
      style="width: 0px; height: 0px; display: flex; overflow: hidden; opacity: 0; border: 0px; padding: 0px; margin: 0px;"
      tabindex="0"
      value=""
    />
  </div>
  <div
    aria-hidden="true"
    class="rc-tree-treenode"
    style="position: absolute; pointer-events: none; visibility: hidden; height: 0px; overflow: hidden; border: 0px; padding: 0px;"
  >
    <div
      class="rc-tree-indent"
    >
      <div
        class="rc-tree-indent-unit"
      />
    </div>
  </div>
  <div
    class="rc-tree-list"
    style="position: relative;"
  >
    <div
      class="rc-tree-list-holder"
    >
      <div>
        <div
          class="rc-tree-list-holder-inner"
          style="display: flex; flex-direction: column;"
        >
          <div
            aria-grabbed="false"
            class="rc-tree-treenode rc-tree-treenode-disabled rc-tree-treenode-switcher-open rc-tree-treenode-leaf-last"
            draggable="false"
          >
            <span
              aria-hidden="true"
              class="rc-tree-indent"
            />
            <span
              class="rc-tree-switcher rc-tree-switcher-noop"
            />
            <span
              class="rc-tree-node-content-wrapper rc-tree-node-content-wrapper-normal"
              title="---"
            >
              <span
                class="rc-tree-iconEle rc-tree-icon__docu"
              />
              <span
                class="rc-tree-title"
              >
                ---
              </span>
            </span>
          </div>
        </div>
      </div>
    </div>
  </div>
</div>
`;

exports[`Tree Props disabled treeNode should disabled when tree disabled 1`] = `
<div
  class="rc-tree"
  role="tree"
>
  <div>
    <input
      aria-label="for screen reader"
      disabled=""
      style="width: 0px; height: 0px; display: flex; overflow: hidden; opacity: 0; border: 0px; padding: 0px; margin: 0px;"
      tabindex="0"
      value=""
    />
  </div>
  <div
    aria-hidden="true"
    class="rc-tree-treenode"
    style="position: absolute; pointer-events: none; visibility: hidden; height: 0px; overflow: hidden; border: 0px; padding: 0px;"
  >
    <div
      class="rc-tree-indent"
    >
      <div
        class="rc-tree-indent-unit"
      />
    </div>
  </div>
  <div
    class="rc-tree-list"
    style="position: relative;"
  >
    <div
      class="rc-tree-list-holder"
    >
      <div>
        <div
          class="rc-tree-list-holder-inner"
          style="display: flex; flex-direction: column;"
        >
          <div
            aria-grabbed="false"
            class="rc-tree-treenode rc-tree-treenode-disabled rc-tree-treenode-switcher-open rc-tree-treenode-leaf-last"
            draggable="false"
          >
            <span
              aria-hidden="true"
              class="rc-tree-indent"
            />
            <span
              class="rc-tree-switcher rc-tree-switcher-noop"
            />
            <span
              class="rc-tree-node-content-wrapper rc-tree-node-content-wrapper-normal"
              title="---"
            >
              <span
                class="rc-tree-iconEle rc-tree-icon__docu"
              />
              <span
                class="rc-tree-title"
              >
                ---
              </span>
            </span>
          </div>
        </div>
      </div>
    </div>
  </div>
</div>
`;

exports[`Tree Props icon 1`] = `
<div
  class="rc-tree"
  role="tree"
>
  <div>
    <input
      aria-label="for screen reader"
      style="width: 0px; height: 0px; display: flex; overflow: hidden; opacity: 0; border: 0px; padding: 0px; margin: 0px;"
      tabindex="0"
      value=""
    />
  </div>
  <div
    aria-hidden="true"
    class="rc-tree-treenode"
    style="position: absolute; pointer-events: none; visibility: hidden; height: 0px; overflow: hidden; border: 0px; padding: 0px;"
  >
    <div
      class="rc-tree-indent"
    >
      <div
        class="rc-tree-indent-unit"
      />
    </div>
  </div>
  <div
    class="rc-tree-list"
    style="position: relative;"
  >
    <div
      class="rc-tree-list-holder"
    >
      <div>
        <div
          class="rc-tree-list-holder-inner"
          style="display: flex; flex-direction: column;"
        >
          <div
            aria-grabbed="false"
            class="rc-tree-treenode rc-tree-treenode-switcher-open rc-tree-treenode-leaf-last"
            draggable="false"
          >
            <span
              aria-hidden="true"
              class="rc-tree-indent"
            />
            <span
              class="rc-tree-switcher rc-tree-switcher_open"
            />
            <span
              class="rc-tree-node-content-wrapper rc-tree-node-content-wrapper-open"
              title="---"
            >
              <span
                class="rc-tree-iconEle rc-tree-icon__customize"
              >
                <span>
                  ROOT ICON
                </span>
              </span>
              <span
                class="rc-tree-title"
              >
                ---
              </span>
            </span>
          </div>
          <div
            aria-grabbed="false"
            class="rc-tree-treenode rc-tree-treenode-switcher-open rc-tree-treenode-leaf-last"
            draggable="false"
          >
            <span
              aria-hidden="true"
              class="rc-tree-indent"
            >
              <span
                class="rc-tree-indent-unit rc-tree-indent-unit-start rc-tree-indent-unit-end"
              />
            </span>
            <span
              class="rc-tree-switcher rc-tree-switcher-noop"
            />
            <span
              class="rc-tree-node-content-wrapper rc-tree-node-content-wrapper-normal"
              title="---"
            >
              <span
                class="rc-tree-iconEle rc-tree-icon__customize"
              >
                <span>
                  CUSTOMIZE ICON
                </span>
              </span>
              <span
                class="rc-tree-title"
              >
                ---
              </span>
            </span>
          </div>
        </div>
      </div>
    </div>
  </div>
</div>
`;

exports[`Tree Props invalidate checkedKeys null 1`] = `
<div
  class="rc-tree"
  role="tree"
>
  <div>
    <input
      aria-label="for screen reader"
      style="width: 0px; height: 0px; display: flex; overflow: hidden; opacity: 0; border: 0px; padding: 0px; margin: 0px;"
      tabindex="0"
      value=""
    />
  </div>
  <div
    aria-hidden="true"
    class="rc-tree-treenode"
    style="position: absolute; pointer-events: none; visibility: hidden; height: 0px; overflow: hidden; border: 0px; padding: 0px;"
  >
    <div
      class="rc-tree-indent"
    >
      <div
        class="rc-tree-indent-unit"
      />
    </div>
  </div>
  <div
    class="rc-tree-list"
    style="position: relative;"
  >
    <div
      class="rc-tree-list-holder"
    >
      <div>
        <div
          class="rc-tree-list-holder-inner"
          style="display: flex; flex-direction: column;"
        >
          <div
            aria-grabbed="false"
            class="rc-tree-treenode rc-tree-treenode-switcher-open rc-tree-treenode-leaf-last"
            draggable="false"
          >
            <span
              aria-hidden="true"
              class="rc-tree-indent"
            />
            <span
              class="rc-tree-switcher rc-tree-switcher_open"
            />
            <span
              class="rc-tree-checkbox"
            />
            <span
              class="rc-tree-node-content-wrapper rc-tree-node-content-wrapper-open"
              title="---"
            >
              <span
                class="rc-tree-iconEle rc-tree-icon__open"
              />
              <span
                class="rc-tree-title"
              >
                ---
              </span>
            </span>
          </div>
          <div
            aria-grabbed="false"
            class="rc-tree-treenode rc-tree-treenode-switcher-open rc-tree-treenode-leaf-last"
            draggable="false"
          >
            <span
              aria-hidden="true"
              class="rc-tree-indent"
            >
              <span
                class="rc-tree-indent-unit rc-tree-indent-unit-start rc-tree-indent-unit-end"
              />
            </span>
            <span
              class="rc-tree-switcher rc-tree-switcher-noop"
            />
            <span
              class="rc-tree-checkbox"
            />
            <span
              class="rc-tree-node-content-wrapper rc-tree-node-content-wrapper-normal"
              title="---"
            >
              <span
                class="rc-tree-iconEle rc-tree-icon__docu"
              />
              <span
                class="rc-tree-title"
              >
                ---
              </span>
            </span>
          </div>
        </div>
      </div>
    </div>
  </div>
</div>
`;

exports[`Tree Props invalidate checkedKeys number 1`] = `
<div
  class="rc-tree"
  role="tree"
>
  <div>
    <input
      aria-label="for screen reader"
      style="width: 0px; height: 0px; display: flex; overflow: hidden; opacity: 0; border: 0px; padding: 0px; margin: 0px;"
      tabindex="0"
      value=""
    />
  </div>
  <div
    aria-hidden="true"
    class="rc-tree-treenode"
    style="position: absolute; pointer-events: none; visibility: hidden; height: 0px; overflow: hidden; border: 0px; padding: 0px;"
  >
    <div
      class="rc-tree-indent"
    >
      <div
        class="rc-tree-indent-unit"
      />
    </div>
  </div>
  <div
    class="rc-tree-list"
    style="position: relative;"
  >
    <div
      class="rc-tree-list-holder"
    >
      <div>
        <div
          class="rc-tree-list-holder-inner"
          style="display: flex; flex-direction: column;"
        >
          <div
            aria-grabbed="false"
            class="rc-tree-treenode rc-tree-treenode-switcher-open rc-tree-treenode-leaf-last"
            draggable="false"
          >
            <span
              aria-hidden="true"
              class="rc-tree-indent"
            />
            <span
              class="rc-tree-switcher rc-tree-switcher_open"
            />
            <span
              class="rc-tree-checkbox"
            />
            <span
              class="rc-tree-node-content-wrapper rc-tree-node-content-wrapper-open"
              title="---"
            >
              <span
                class="rc-tree-iconEle rc-tree-icon__open"
              />
              <span
                class="rc-tree-title"
              >
                ---
              </span>
            </span>
          </div>
          <div
            aria-grabbed="false"
            class="rc-tree-treenode rc-tree-treenode-switcher-open rc-tree-treenode-leaf-last"
            draggable="false"
          >
            <span
              aria-hidden="true"
              class="rc-tree-indent"
            >
              <span
                class="rc-tree-indent-unit rc-tree-indent-unit-start rc-tree-indent-unit-end"
              />
            </span>
            <span
              class="rc-tree-switcher rc-tree-switcher-noop"
            />
            <span
              class="rc-tree-checkbox"
            />
            <span
              class="rc-tree-node-content-wrapper rc-tree-node-content-wrapper-normal"
              title="---"
            >
              <span
                class="rc-tree-iconEle rc-tree-icon__docu"
              />
              <span
                class="rc-tree-title"
              >
                ---
              </span>
            </span>
          </div>
        </div>
      </div>
    </div>
  </div>
</div>
`;

exports[`Tree Props loadData basic 1`] = `
<div
  class="rc-tree"
  role="tree"
>
  <div>
    <input
      aria-label="for screen reader"
      style="width: 0px; height: 0px; display: flex; overflow: hidden; opacity: 0; border: 0px; padding: 0px; margin: 0px;"
      tabindex="0"
      value=""
    />
  </div>
  <div
    aria-hidden="true"
    class="rc-tree-treenode"
    style="position: absolute; pointer-events: none; visibility: hidden; height: 0px; overflow: hidden; border: 0px; padding: 0px;"
  >
    <div
      class="rc-tree-indent"
    >
      <div
        class="rc-tree-indent-unit"
      />
    </div>
  </div>
  <div
    class="rc-tree-list"
    style="position: relative;"
  >
    <div
      class="rc-tree-list-holder"
    >
      <div>
        <div
          class="rc-tree-list-holder-inner"
          style="display: flex; flex-direction: column;"
        >
          <div
            aria-grabbed="false"
            class="rc-tree-treenode rc-tree-treenode-switcher-open rc-tree-treenode-leaf-last"
            draggable="false"
          >
            <span
              aria-hidden="true"
              class="rc-tree-indent"
            />
            <span
              class="rc-tree-switcher rc-tree-switcher_open"
            />
            <span
              class="rc-tree-node-content-wrapper rc-tree-node-content-wrapper-open"
              title="---"
            >
              <span
                class="rc-tree-title"
              >
                ---
              </span>
            </span>
          </div>
          <div
            aria-grabbed="false"
            class="rc-tree-treenode rc-tree-treenode-switcher-close rc-tree-treenode-leaf-last"
            draggable="false"
          >
            <span
              aria-hidden="true"
              class="rc-tree-indent"
            >
              <span
                class="rc-tree-indent-unit rc-tree-indent-unit-start rc-tree-indent-unit-end"
              />
            </span>
            <span
              class="rc-tree-switcher rc-tree-switcher_close"
            />
            <span
              class="rc-tree-node-content-wrapper rc-tree-node-content-wrapper-close"
              title="---"
            >
              <span
                class="rc-tree-title"
              >
                ---
              </span>
            </span>
          </div>
        </div>
      </div>
    </div>
  </div>
</div>
`;

exports[`Tree Props multiple 1`] = `
<div
  class="rc-tree"
  role="tree"
>
  <div>
    <input
      aria-label="for screen reader"
      style="width: 0px; height: 0px; display: flex; overflow: hidden; opacity: 0; border: 0px; padding: 0px; margin: 0px;"
      tabindex="0"
      value=""
    />
  </div>
  <div
    aria-hidden="true"
    class="rc-tree-treenode"
    style="position: absolute; pointer-events: none; visibility: hidden; height: 0px; overflow: hidden; border: 0px; padding: 0px;"
  >
    <div
      class="rc-tree-indent"
    >
      <div
        class="rc-tree-indent-unit"
      />
    </div>
  </div>
  <div
    class="rc-tree-list"
    style="position: relative;"
  >
    <div
      class="rc-tree-list-holder"
    >
      <div>
        <div
          class="rc-tree-list-holder-inner"
          style="display: flex; flex-direction: column;"
        >
          <div
            aria-grabbed="false"
            class="rc-tree-treenode rc-tree-treenode-switcher-open rc-tree-treenode-leaf-last"
            draggable="false"
          >
            <span
              aria-hidden="true"
              class="rc-tree-indent"
            />
            <span
              class="rc-tree-switcher rc-tree-switcher_open"
            />
            <span
              class="rc-tree-node-content-wrapper rc-tree-node-content-wrapper-open"
              title="---"
            >
              <span
                class="rc-tree-iconEle rc-tree-icon__open"
              />
              <span
                class="rc-tree-title"
              >
                ---
              </span>
            </span>
          </div>
          <div
            aria-grabbed="false"
            class="rc-tree-treenode rc-tree-treenode-switcher-open rc-tree-treenode-leaf-last"
            draggable="false"
          >
            <span
              aria-hidden="true"
              class="rc-tree-indent"
            >
              <span
                class="rc-tree-indent-unit rc-tree-indent-unit-start rc-tree-indent-unit-end"
              />
            </span>
            <span
              class="rc-tree-switcher rc-tree-switcher-noop"
            />
            <span
              class="rc-tree-node-content-wrapper rc-tree-node-content-wrapper-normal"
              title="---"
            >
              <span
                class="rc-tree-iconEle rc-tree-icon__docu"
              />
              <span
                class="rc-tree-title"
              >
                ---
              </span>
            </span>
          </div>
        </div>
      </div>
    </div>
  </div>
</div>
`;

exports[`Tree Props prefixCls 1`] = `
<div
  class="rc-tree"
  role="tree"
>
  <div>
    <input
      aria-label="for screen reader"
      style="width: 0px; height: 0px; display: flex; overflow: hidden; opacity: 0; border: 0px; padding: 0px; margin: 0px;"
      tabindex="0"
      value=""
    />
  </div>
  <div
    aria-hidden="true"
    class="rc-tree-treenode"
    style="position: absolute; pointer-events: none; visibility: hidden; height: 0px; overflow: hidden; border: 0px; padding: 0px;"
  >
    <div
      class="rc-tree-indent"
    >
      <div
        class="rc-tree-indent-unit"
      />
    </div>
  </div>
  <div
    class="rc-tree-list"
    style="position: relative;"
  >
    <div
      class="rc-tree-list-holder"
    >
      <div>
        <div
          class="rc-tree-list-holder-inner"
          style="display: flex; flex-direction: column;"
        />
      </div>
    </div>
  </div>
</div>
`;

exports[`Tree Props prefixCls 2`] = `
<div
  class="test-prefix"
  role="tree"
>
  <div>
    <input
      aria-label="for screen reader"
      style="width: 0px; height: 0px; display: flex; overflow: hidden; opacity: 0; border: 0px; padding: 0px; margin: 0px;"
      tabindex="0"
      value=""
    />
  </div>
  <div
    aria-hidden="true"
    class="test-prefix-treenode"
    style="position: absolute; pointer-events: none; visibility: hidden; height: 0px; overflow: hidden; border: 0px; padding: 0px;"
  >
    <div
      class="test-prefix-indent"
    >
      <div
        class="test-prefix-indent-unit"
      />
    </div>
  </div>
  <div
    class="test-prefix-list"
    style="position: relative;"
  >
    <div
      class="test-prefix-list-holder"
    >
      <div>
        <div
          class="test-prefix-list-holder-inner"
          style="display: flex; flex-direction: column;"
        />
      </div>
    </div>
  </div>
</div>
`;

exports[`Tree Props selectable with selectable 1`] = `
<div
  class="rc-tree"
  role="tree"
>
  <div>
    <input
      aria-label="for screen reader"
      style="width: 0px; height: 0px; display: flex; overflow: hidden; opacity: 0; border: 0px; padding: 0px; margin: 0px;"
      tabindex="0"
      value=""
    />
  </div>
  <div
    aria-hidden="true"
    class="rc-tree-treenode"
    style="position: absolute; pointer-events: none; visibility: hidden; height: 0px; overflow: hidden; border: 0px; padding: 0px;"
  >
    <div
      class="rc-tree-indent"
    >
      <div
        class="rc-tree-indent-unit"
      />
    </div>
  </div>
  <div
    class="rc-tree-list"
    style="position: relative;"
  >
    <div
      class="rc-tree-list-holder"
    >
      <div>
        <div
          class="rc-tree-list-holder-inner"
          style="display: flex; flex-direction: column;"
        >
          <div
            aria-grabbed="false"
            class="rc-tree-treenode rc-tree-treenode-switcher-open rc-tree-treenode-leaf-last"
            draggable="false"
          >
            <span
              aria-hidden="true"
              class="rc-tree-indent"
            />
            <span
              class="rc-tree-switcher rc-tree-switcher_open"
            />
            <span
              class="rc-tree-node-content-wrapper rc-tree-node-content-wrapper-open"
              title="---"
            >
              <span
                class="rc-tree-iconEle rc-tree-icon__open"
              />
              <span
                class="rc-tree-title"
              >
                ---
              </span>
            </span>
          </div>
          <div
            aria-grabbed="false"
            class="rc-tree-treenode rc-tree-treenode-switcher-close rc-tree-treenode-leaf-last"
            draggable="false"
          >
            <span
              aria-hidden="true"
              class="rc-tree-indent"
            >
              <span
                class="rc-tree-indent-unit rc-tree-indent-unit-start rc-tree-indent-unit-end"
              />
            </span>
            <span
              class="rc-tree-switcher rc-tree-switcher-noop"
            />
            <span
              class="rc-tree-node-content-wrapper rc-tree-node-content-wrapper-normal"
              title="---"
            >
              <span
                class="rc-tree-iconEle rc-tree-icon__docu"
              />
              <span
                class="rc-tree-title"
              >
                ---
              </span>
            </span>
          </div>
        </div>
      </div>
    </div>
  </div>
</div>
`;

exports[`Tree Props selectable without selectable 1`] = `
<div
  class="rc-tree"
  role="tree"
>
  <div>
    <input
      aria-label="for screen reader"
      style="width: 0px; height: 0px; display: flex; overflow: hidden; opacity: 0; border: 0px; padding: 0px; margin: 0px;"
      tabindex="0"
      value=""
    />
  </div>
  <div
    aria-hidden="true"
    class="rc-tree-treenode"
    style="position: absolute; pointer-events: none; visibility: hidden; height: 0px; overflow: hidden; border: 0px; padding: 0px;"
  >
    <div
      class="rc-tree-indent"
    >
      <div
        class="rc-tree-indent-unit"
      />
    </div>
  </div>
  <div
    class="rc-tree-list"
    style="position: relative;"
  >
    <div
      class="rc-tree-list-holder"
    >
      <div>
        <div
          class="rc-tree-list-holder-inner"
          style="display: flex; flex-direction: column;"
        >
          <div
            aria-grabbed="false"
            class="rc-tree-treenode rc-tree-treenode-switcher-open rc-tree-treenode-leaf-last"
            draggable="false"
          >
            <span
              aria-hidden="true"
              class="rc-tree-indent"
            />
            <span
              class="rc-tree-switcher rc-tree-switcher_open"
            />
            <span
              class="rc-tree-node-content-wrapper rc-tree-node-content-wrapper-open"
              title="---"
            >
              <span
                class="rc-tree-iconEle rc-tree-icon__open"
              />
              <span
                class="rc-tree-title"
              >
                ---
              </span>
            </span>
          </div>
          <div
            aria-grabbed="false"
            class="rc-tree-treenode rc-tree-treenode-switcher-close rc-tree-treenode-leaf-last"
            draggable="false"
          >
            <span
              aria-hidden="true"
              class="rc-tree-indent"
            >
              <span
                class="rc-tree-indent-unit rc-tree-indent-unit-start rc-tree-indent-unit-end"
              />
            </span>
            <span
              class="rc-tree-switcher rc-tree-switcher-noop"
            />
            <span
              class="rc-tree-node-content-wrapper rc-tree-node-content-wrapper-normal"
              title="---"
            >
              <span
                class="rc-tree-iconEle rc-tree-icon__docu"
              />
              <span
                class="rc-tree-title"
              >
                ---
              </span>
            </span>
          </div>
        </div>
      </div>
    </div>
  </div>
</div>
`;

exports[`Tree Props showIcon 1`] = `
<div
  class="rc-tree"
  role="tree"
>
  <div>
    <input
      aria-label="for screen reader"
      style="width: 0px; height: 0px; display: flex; overflow: hidden; opacity: 0; border: 0px; padding: 0px; margin: 0px;"
      tabindex="0"
      value=""
    />
  </div>
  <div
    aria-hidden="true"
    class="rc-tree-treenode"
    style="position: absolute; pointer-events: none; visibility: hidden; height: 0px; overflow: hidden; border: 0px; padding: 0px;"
  >
    <div
      class="rc-tree-indent"
    >
      <div
        class="rc-tree-indent-unit"
      />
    </div>
  </div>
  <div
    class="rc-tree-list"
    style="position: relative;"
  >
    <div
      class="rc-tree-list-holder"
    >
      <div>
        <div
          class="rc-tree-list-holder-inner"
          style="display: flex; flex-direction: column;"
        >
          <div
            aria-grabbed="false"
            class="rc-tree-treenode rc-tree-treenode-switcher-close"
            draggable="false"
          >
            <span
              aria-hidden="true"
              class="rc-tree-indent"
            />
            <span
              class="rc-tree-switcher rc-tree-switcher_close"
            />
            <span
              class="rc-tree-node-content-wrapper rc-tree-node-content-wrapper-close"
              title="---"
            >
              <span
                class="rc-tree-iconEle rc-tree-icon__close"
              />
              <span
                class="rc-tree-title"
              >
                ---
              </span>
            </span>
          </div>
          <div
            aria-grabbed="false"
            class="rc-tree-treenode rc-tree-treenode-switcher-close rc-tree-treenode-leaf-last"
            draggable="false"
          >
            <span
              aria-hidden="true"
              class="rc-tree-indent"
            />
            <span
              class="rc-tree-switcher rc-tree-switcher-noop"
            />
            <span
              class="rc-tree-node-content-wrapper rc-tree-node-content-wrapper-normal"
              title="---"
            >
              <span
                class="rc-tree-iconEle rc-tree-icon__docu"
              />
              <span
                class="rc-tree-title"
              >
                ---
              </span>
            </span>
          </div>
        </div>
      </div>
    </div>
  </div>
</div>
`;

exports[`Tree Props showIcon 2`] = `
<div
  class="rc-tree"
  role="tree"
>
  <div>
    <input
      aria-label="for screen reader"
      style="width: 0px; height: 0px; display: flex; overflow: hidden; opacity: 0; border: 0px; padding: 0px; margin: 0px;"
      tabindex="0"
      value=""
    />
  </div>
  <div
    aria-hidden="true"
    class="rc-tree-treenode"
    style="position: absolute; pointer-events: none; visibility: hidden; height: 0px; overflow: hidden; border: 0px; padding: 0px;"
  >
    <div
      class="rc-tree-indent"
    >
      <div
        class="rc-tree-indent-unit"
      />
    </div>
  </div>
  <div
    class="rc-tree-list"
    style="position: relative;"
  >
    <div
      class="rc-tree-list-holder"
    >
      <div>
        <div
          class="rc-tree-list-holder-inner"
          style="display: flex; flex-direction: column;"
        >
          <div
            aria-grabbed="false"
            class="rc-tree-treenode rc-tree-treenode-switcher-close"
            draggable="false"
          >
            <span
              aria-hidden="true"
              class="rc-tree-indent"
            />
            <span
              class="rc-tree-switcher rc-tree-switcher_close"
            />
            <span
              class="rc-tree-node-content-wrapper rc-tree-node-content-wrapper-close"
              title="---"
            >
              <span
                class="rc-tree-title"
              >
                ---
              </span>
            </span>
          </div>
          <div
            aria-grabbed="false"
            class="rc-tree-treenode rc-tree-treenode-switcher-close rc-tree-treenode-leaf-last"
            draggable="false"
          >
            <span
              aria-hidden="true"
              class="rc-tree-indent"
            />
            <span
              class="rc-tree-switcher rc-tree-switcher-noop"
            />
            <span
              class="rc-tree-node-content-wrapper rc-tree-node-content-wrapper-normal"
              title="---"
            >
              <span
                class="rc-tree-title"
              >
                ---
              </span>
            </span>
          </div>
        </div>
      </div>
    </div>
  </div>
</div>
`;

exports[`Tree Props showIcon 3`] = `
<div
  class="rc-tree"
  role="tree"
>
  <div>
    <input
      aria-label="for screen reader"
      style="width: 0px; height: 0px; display: flex; overflow: hidden; opacity: 0; border: 0px; padding: 0px; margin: 0px;"
      tabindex="0"
      value=""
    />
  </div>
  <div
    aria-hidden="true"
    class="rc-tree-treenode"
    style="position: absolute; pointer-events: none; visibility: hidden; height: 0px; overflow: hidden; border: 0px; padding: 0px;"
  >
    <div
      class="rc-tree-indent"
    >
      <div
        class="rc-tree-indent-unit"
      />
    </div>
  </div>
  <div
    class="rc-tree-list"
    style="position: relative;"
  >
    <div
      class="rc-tree-list-holder"
    >
      <div>
        <div
          class="rc-tree-list-holder-inner"
          style="display: flex; flex-direction: column;"
        >
          <div
            aria-grabbed="false"
            class="rc-tree-treenode rc-tree-treenode-switcher-open"
            draggable="false"
          >
            <span
              aria-hidden="true"
              class="rc-tree-indent"
            >
              <span
                class="rc-tree-indent-unit rc-tree-indent-unit-start"
              />
            </span>
            <span
              class="rc-tree-switcher rc-tree-switcher_open"
            />
            <span
              class="rc-tree-node-content-wrapper rc-tree-node-content-wrapper-open"
              title="---"
            >
              <span
                class="rc-tree-iconEle rc-tree-icon__open"
              />
              <span
                class="rc-tree-title"
              >
                ---
              </span>
            </span>
          </div>
          <div
            aria-grabbed="false"
            class="rc-tree-treenode rc-tree-treenode-switcher-open"
            draggable="false"
          >
            <span
              aria-hidden="true"
              class="rc-tree-indent"
            >
              <span
                class="rc-tree-indent-unit rc-tree-indent-unit-start"
              />
            </span>
            <span
              class="rc-tree-switcher rc-tree-switcher_open"
            />
            <span
              class="rc-tree-node-content-wrapper rc-tree-node-content-wrapper-open"
              title="---"
            >
              <span
                class="rc-tree-iconEle rc-tree-icon__open"
              />
              <span
                class="rc-tree-title"
              >
                ---
              </span>
            </span>
          </div>
          <div
            aria-grabbed="false"
            class="rc-tree-treenode rc-tree-treenode-switcher-close rc-tree-treenode-leaf-last"
            draggable="false"
          >
            <span
              aria-hidden="true"
              class="rc-tree-indent"
            >
              <span
                class="rc-tree-indent-unit rc-tree-indent-unit-start"
              />
              <span
                class="rc-tree-indent-unit rc-tree-indent-unit-start"
              />
            </span>
            <span
              class="rc-tree-switcher rc-tree-switcher-noop"
            />
            <span
              class="rc-tree-node-content-wrapper rc-tree-node-content-wrapper-normal"
              title="---"
            >
              <span
                class="rc-tree-iconEle rc-tree-icon__docu"
              />
              <span
                class="rc-tree-title"
              >
                ---
              </span>
            </span>
          </div>
          <div
            aria-grabbed="false"
            class="rc-tree-treenode rc-tree-treenode-switcher-close rc-tree-treenode-leaf-last"
            draggable="false"
          >
            <span
              aria-hidden="true"
              class="rc-tree-indent"
            >
              <span
                class="rc-tree-indent-unit rc-tree-indent-unit-start"
              />
            </span>
            <span
              class="rc-tree-switcher rc-tree-switcher-noop"
            />
            <span
              class="rc-tree-node-content-wrapper rc-tree-node-content-wrapper-normal"
              title="---"
            >
              <span
                class="rc-tree-iconEle rc-tree-icon__docu"
              />
              <span
                class="rc-tree-title"
              >
                ---
              </span>
            </span>
          </div>
          <div
            aria-grabbed="false"
            class="rc-tree-treenode rc-tree-treenode-switcher-close rc-tree-treenode-leaf-last"
            draggable="false"
          >
            <span
              aria-hidden="true"
              class="rc-tree-indent"
            />
            <span
              class="rc-tree-switcher rc-tree-switcher-noop"
            />
            <span
              class="rc-tree-node-content-wrapper rc-tree-node-content-wrapper-normal"
              title="---"
            >
              <span
                class="rc-tree-iconEle rc-tree-icon__docu"
              />
              <span
                class="rc-tree-title"
              >
                ---
              </span>
            </span>
          </div>
        </div>
      </div>
    </div>
  </div>
</div>
`;

exports[`Tree Props showLine 1`] = `
<div
  class="rc-tree rc-tree-show-line"
  role="tree"
>
  <div>
    <input
      aria-label="for screen reader"
      style="width: 0px; height: 0px; display: flex; overflow: hidden; opacity: 0; border: 0px; padding: 0px; margin: 0px;"
      tabindex="0"
      value=""
    />
  </div>
  <div
    aria-hidden="true"
    class="rc-tree-treenode"
    style="position: absolute; pointer-events: none; visibility: hidden; height: 0px; overflow: hidden; border: 0px; padding: 0px;"
  >
    <div
      class="rc-tree-indent"
    >
      <div
        class="rc-tree-indent-unit"
      />
    </div>
  </div>
  <div
    class="rc-tree-list"
    style="position: relative;"
  >
    <div
      class="rc-tree-list-holder"
    >
      <div>
        <div
          class="rc-tree-list-holder-inner"
          style="display: flex; flex-direction: column;"
        />
      </div>
    </div>
  </div>
</div>
`;

exports[`Tree Props treeData 1`] = `
<div
  class="rc-tree"
  role="tree"
>
  <div>
    <input
      aria-label="for screen reader"
      style="width: 0px; height: 0px; display: flex; overflow: hidden; opacity: 0; border: 0px; padding: 0px; margin: 0px;"
      tabindex="0"
      value=""
    />
  </div>
  <div
    aria-hidden="true"
    class="rc-tree-treenode"
    style="position: absolute; pointer-events: none; visibility: hidden; height: 0px; overflow: hidden; border: 0px; padding: 0px;"
  >
    <div
      class="rc-tree-indent"
    >
      <div
        class="rc-tree-indent-unit"
      />
    </div>
  </div>
  <div
    class="rc-tree-list"
    style="position: relative;"
  >
    <div
      class="rc-tree-list-holder"
    >
      <div>
        <div
          class="rc-tree-list-holder-inner"
          style="display: flex; flex-direction: column;"
        >
          <div
            aria-grabbed="false"
            class="rc-tree-treenode rc-tree-treenode-switcher-open"
            draggable="false"
          >
            <span
              aria-hidden="true"
              class="rc-tree-indent"
            />
            <span
              class="rc-tree-switcher rc-tree-switcher-noop"
            />
            <span
              class="rc-tree-node-content-wrapper rc-tree-node-content-wrapper-normal"
              title="T0"
            >
              <span
                class="rc-tree-iconEle rc-tree-icon__docu"
              />
              <span
                class="rc-tree-title"
              >
                T0
              </span>
            </span>
          </div>
          <div
            aria-grabbed="false"
            class="rc-tree-treenode rc-tree-treenode-switcher-open rc-tree-treenode-leaf-last"
            draggable="false"
          >
            <span
              aria-hidden="true"
              class="rc-tree-indent"
            />
            <span
              class="rc-tree-switcher rc-tree-switcher_open"
            />
            <span
              class="rc-tree-node-content-wrapper rc-tree-node-content-wrapper-open"
              title="T1"
            >
              <span
                class="rc-tree-iconEle rc-tree-icon__open"
              />
              <span
                class="rc-tree-title"
              >
                T1
              </span>
            </span>
          </div>
          <div
            aria-grabbed="false"
            class="rc-tree-treenode rc-tree-treenode-switcher-open"
            draggable="false"
          >
            <span
              aria-hidden="true"
              class="rc-tree-indent"
            >
              <span
                class="rc-tree-indent-unit rc-tree-indent-unit-end"
              />
            </span>
            <span
              class="rc-tree-switcher rc-tree-switcher-noop"
            />
            <span
              class="rc-tree-node-content-wrapper rc-tree-node-content-wrapper-normal"
              title="T10"
            >
              <span
                class="rc-tree-iconEle rc-tree-icon__docu"
              />
              <span
                class="rc-tree-title"
              >
                T10
              </span>
            </span>
          </div>
          <div
            aria-grabbed="false"
            class="rc-tree-treenode rc-tree-treenode-switcher-open"
            draggable="false"
          >
            <span
              aria-hidden="true"
              class="rc-tree-indent"
            >
              <span
                class="rc-tree-indent-unit rc-tree-indent-unit-end"
              />
            </span>
            <span
              class="rc-tree-switcher rc-tree-switcher_open"
            />
            <span
              class="rc-tree-node-content-wrapper rc-tree-node-content-wrapper-open"
              title="T11"
            >
              <span
                class="rc-tree-iconEle rc-tree-icon__open"
              />
              <span
                class="rc-tree-title"
              >
                T11
              </span>
            </span>
          </div>
          <div
            aria-grabbed="false"
            class="rc-tree-treenode rc-tree-treenode-switcher-open"
            draggable="false"
          >
            <span
              aria-hidden="true"
              class="rc-tree-indent"
            >
              <span
                class="rc-tree-indent-unit rc-tree-indent-unit-end"
              />
              <span
                class="rc-tree-indent-unit"
              />
            </span>
            <span
              class="rc-tree-switcher rc-tree-switcher-noop"
            />
            <span
              class="rc-tree-node-content-wrapper rc-tree-node-content-wrapper-normal"
              title="T110"
            >
              <span
                class="rc-tree-iconEle rc-tree-icon__docu"
              />
              <span
                class="rc-tree-title"
              >
                T110
              </span>
            </span>
          </div>
          <div
            aria-grabbed="false"
            class="rc-tree-treenode rc-tree-treenode-switcher-open rc-tree-treenode-leaf-last"
            draggable="false"
          >
            <span
              aria-hidden="true"
              class="rc-tree-indent"
            >
              <span
                class="rc-tree-indent-unit rc-tree-indent-unit-end"
              />
              <span
                class="rc-tree-indent-unit"
              />
            </span>
            <span
              class="rc-tree-switcher rc-tree-switcher-noop"
            />
            <span
              class="rc-tree-node-content-wrapper rc-tree-node-content-wrapper-normal"
              title="T111"
            >
              <span
                class="rc-tree-iconEle rc-tree-icon__docu"
              />
              <span
                class="rc-tree-title"
              >
                T111
              </span>
            </span>
          </div>
          <div
            aria-grabbed="false"
            class="rc-tree-treenode rc-tree-treenode-switcher-open rc-tree-treenode-leaf-last"
            draggable="false"
          >
            <span
              aria-hidden="true"
              class="rc-tree-indent"
            >
              <span
                class="rc-tree-indent-unit rc-tree-indent-unit-end"
              />
            </span>
            <span
              class="rc-tree-switcher rc-tree-switcher-noop"
            />
            <span
              class="rc-tree-node-content-wrapper rc-tree-node-content-wrapper-normal"
              title="T12"
            >
              <span
                class="rc-tree-iconEle rc-tree-icon__docu"
              />
              <span
                class="rc-tree-title"
              >
                T12
              </span>
            </span>
          </div>
        </div>
      </div>
    </div>
  </div>
</div>
`;

exports[`Tree Props treeData 2`] = `
<div
  class="rc-tree"
  role="tree"
>
  <div>
    <input
      aria-label="for screen reader"
      style="width: 0px; height: 0px; display: flex; overflow: hidden; opacity: 0; border: 0px; padding: 0px; margin: 0px;"
      tabindex="0"
      value=""
    />
  </div>
  <div
    aria-hidden="true"
    class="rc-tree-treenode"
    style="position: absolute; pointer-events: none; visibility: hidden; height: 0px; overflow: hidden; border: 0px; padding: 0px;"
  >
    <div
      class="rc-tree-indent"
    >
      <div
        class="rc-tree-indent-unit"
      />
    </div>
  </div>
  <div
    class="rc-tree-list"
    style="position: relative;"
  >
    <div
      class="rc-tree-list-holder"
    >
      <div>
        <div
          class="rc-tree-list-holder-inner"
          style="display: flex; flex-direction: column;"
        >
          <div
            aria-grabbed="false"
            class="rc-tree-treenode rc-tree-treenode-switcher-open rc-tree-treenode-leaf-last"
            draggable="false"
          >
            <span
              aria-hidden="true"
              class="rc-tree-indent"
            />
            <span
              class="rc-tree-switcher rc-tree-switcher-noop"
            />
            <span
              class="rc-tree-node-content-wrapper rc-tree-node-content-wrapper-normal"
              title="T0"
            >
              <span
                class="rc-tree-iconEle rc-tree-icon__docu"
              />
              <span
                class="rc-tree-title"
              >
                T0
              </span>
            </span>
          </div>
        </div>
      </div>
    </div>
  </div>
</div>
`;
