// Jest Snapshot v1, https://goo.gl/fbAQLP

exports[`Tree Draggable node is not draggable the draggable icon is not displayed 1`] = `
<div
  class="rc-tree"
  role="tree"
>
  <div>
    <input
      aria-label="for screen reader"
      style="width: 0px; height: 0px; display: flex; overflow: hidden; opacity: 0; border: 0px; padding: 0px; margin: 0px;"
      tabindex="0"
      value=""
    />
  </div>
  <div
    aria-hidden="true"
    class="rc-tree-treenode"
    style="position: absolute; pointer-events: none; visibility: hidden; height: 0px; overflow: hidden;"
  >
    <div
      class="rc-tree-indent"
    >
      <div
        class="rc-tree-indent-unit"
      />
    </div>
  </div>
  <div
    class="rc-tree-list"
    style="position: relative;"
  >
    <div
      class="rc-tree-list-holder"
    >
      <div>
        <div
          class="rc-tree-list-holder-inner"
          style="display: flex; flex-direction: column;"
        >
          <div
            aria-grabbed="false"
            class="rc-tree-treenode rc-tree-treenode-switcher-open rc-tree-treenode-leaf-last rc-tree-treenode-draggable"
            draggable="true"
          >
            <span
              aria-hidden="true"
              class="rc-tree-indent"
            />
            <span
              class="rc-tree-draggable-icon"
            >
              ↕️
            </span>
            <span
              class="rc-tree-switcher rc-tree-switcher_open"
            />
            <span
              class="rc-tree-node-content-wrapper rc-tree-node-content-wrapper-open"
              title="0-0-label"
            >
              <span
                class="rc-tree-iconEle rc-tree-icon__open"
              />
              <span
                class="rc-tree-title"
              >
                0-0-label
              </span>
            </span>
          </div>
          <div
            aria-grabbed="false"
            class="rc-tree-treenode rc-tree-treenode-switcher-open rc-tree-treenode-leaf-last"
            draggable="false"
          >
            <span
              aria-hidden="true"
              class="rc-tree-indent"
            >
              <span
                class="rc-tree-indent-unit rc-tree-indent-unit-start rc-tree-indent-unit-end"
              />
            </span>
            <span
              class="rc-tree-draggable-icon"
            >
              ↕️
            </span>
            <span
              class="rc-tree-switcher rc-tree-switcher-noop"
            />
            <span
              class="rc-tree-node-content-wrapper rc-tree-node-content-wrapper-normal"
              title="0-0-0-label"
            >
              <span
                class="rc-tree-iconEle rc-tree-icon__docu"
              />
              <span
                class="rc-tree-title"
              >
                0-0-0-label
              </span>
            </span>
          </div>
        </div>
      </div>
    </div>
  </div>
</div>
`;
